<?xml version="1.0" encoding="ISO-8859-1" ?>
<link_info>
   <banner>TI ARM Linker PC v18.1.1.LTS</banner>
   <copyright>Copyright (c) 1996-2017 Texas Instruments Incorporated</copyright>
   <link_time>0x5d236541</link_time>
   <link_errors>0x0</link_errors>
   <output_file>CAN_Node_Three.out</output_file>
   <entry_point>
      <name>_c_int00_noargs</name>
      <address>0x3acd</address>
   </entry_point>
   <input_file_list>
      <input_file id="fl-2">
         <path>.\</path>
         <kind>object</kind>
         <file>main.obj</file>
         <name>main.obj</name>
      </input_file>
      <input_file id="fl-3">
         <path>.\CAN\</path>
         <kind>object</kind>
         <file>CAN.obj</file>
         <name>CAN.obj</name>
      </input_file>
      <input_file id="fl-4">
         <path>.\FreeRTOS_Files\</path>
         <kind>object</kind>
         <file>croutine.obj</file>
         <name>croutine.obj</name>
      </input_file>
      <input_file id="fl-5">
         <path>.\FreeRTOS_Files\</path>
         <kind>object</kind>
         <file>event_groups.obj</file>
         <name>event_groups.obj</name>
      </input_file>
      <input_file id="fl-6">
         <path>.\FreeRTOS_Files\</path>
         <kind>object</kind>
         <file>heap_1.obj</file>
         <name>heap_1.obj</name>
      </input_file>
      <input_file id="fl-7">
         <path>.\FreeRTOS_Files\</path>
         <kind>object</kind>
         <file>list.obj</file>
         <name>list.obj</name>
      </input_file>
      <input_file id="fl-8">
         <path>.\FreeRTOS_Files\</path>
         <kind>object</kind>
         <file>port.obj</file>
         <name>port.obj</name>
      </input_file>
      <input_file id="fl-9">
         <path>.\FreeRTOS_Files\</path>
         <kind>object</kind>
         <file>portasm.obj</file>
         <name>portasm.obj</name>
      </input_file>
      <input_file id="fl-a">
         <path>.\FreeRTOS_Files\</path>
         <kind>object</kind>
         <file>queue.obj</file>
         <name>queue.obj</name>
      </input_file>
      <input_file id="fl-b">
         <path>.\FreeRTOS_Files\</path>
         <kind>object</kind>
         <file>stream_buffer.obj</file>
         <name>stream_buffer.obj</name>
      </input_file>
      <input_file id="fl-c">
         <path>.\FreeRTOS_Files\</path>
         <kind>object</kind>
         <file>tasks.obj</file>
         <name>tasks.obj</name>
      </input_file>
      <input_file id="fl-d">
         <path>.\FreeRTOS_Files\</path>
         <kind>object</kind>
         <file>timers.obj</file>
         <name>timers.obj</name>
      </input_file>
      <input_file id="fl-e">
         <path>.\FreeRTOS_Files\</path>
         <kind>object</kind>
         <file>tm4c123bh6pm_startup_ccs.obj</file>
         <name>tm4c123bh6pm_startup_ccs.obj</name>
      </input_file>
      <input_file id="fl-f">
         <path>.\GPIO\</path>
         <kind>object</kind>
         <file>GPIO.obj</file>
         <name>GPIO.obj</name>
      </input_file>
      <input_file id="fl-14">
         <kind>object</kind>
         <file>&lt;internal&gt;</file>
         <name>&lt;internal&gt;</name>
      </input_file>
      <input_file id="fl-ca">
         <path>C:\ti\ccsv8\tools\compiler\ti-cgt-arm_18.1.1.LTS\lib\</path>
         <kind>archive</kind>
         <file>rtsv7M4_T_le_v4SPD16_eabi.lib</file>
         <name>memcpy_t2.asm.obj</name>
      </input_file>
      <input_file id="fl-cb">
         <path>C:\ti\ccsv8\tools\compiler\ti-cgt-arm_18.1.1.LTS\lib\</path>
         <kind>archive</kind>
         <file>rtsv7M4_T_le_v4SPD16_eabi.lib</file>
         <name>memset_t2.asm.obj</name>
      </input_file>
      <input_file id="fl-cc">
         <path>C:\ti\ccsv8\tools\compiler\ti-cgt-arm_18.1.1.LTS\lib\</path>
         <kind>archive</kind>
         <file>rtsv7M4_T_le_v4SPD16_eabi.lib</file>
         <name>copy_zero_init.c.obj</name>
      </input_file>
      <input_file id="fl-cd">
         <path>C:\ti\ccsv8\tools\compiler\ti-cgt-arm_18.1.1.LTS\lib\</path>
         <kind>archive</kind>
         <file>rtsv7M4_T_le_v4SPD16_eabi.lib</file>
         <name>copy_decompress_none.c.obj</name>
      </input_file>
      <input_file id="fl-ce">
         <path>C:\ti\ccsv8\tools\compiler\ti-cgt-arm_18.1.1.LTS\lib\</path>
         <kind>archive</kind>
         <file>rtsv7M4_T_le_v4SPD16_eabi.lib</file>
         <name>copy_decompress_lzss.c.obj</name>
      </input_file>
      <input_file id="fl-cf">
         <path>C:\ti\ccsv8\tools\compiler\ti-cgt-arm_18.1.1.LTS\lib\</path>
         <kind>archive</kind>
         <file>rtsv7M4_T_le_v4SPD16_eabi.lib</file>
         <name>boot_cortex_m.c.obj</name>
      </input_file>
      <input_file id="fl-d0">
         <path>C:\ti\ccsv8\tools\compiler\ti-cgt-arm_18.1.1.LTS\lib\</path>
         <kind>archive</kind>
         <file>rtsv7M4_T_le_v4SPD16_eabi.lib</file>
         <name>exit.c.obj</name>
      </input_file>
      <input_file id="fl-d1">
         <path>C:\ti\ccsv8\tools\compiler\ti-cgt-arm_18.1.1.LTS\lib\</path>
         <kind>archive</kind>
         <file>rtsv7M4_T_le_v4SPD16_eabi.lib</file>
         <name>_lock.c.obj</name>
      </input_file>
      <input_file id="fl-d2">
         <path>C:\ti\ccsv8\tools\compiler\ti-cgt-arm_18.1.1.LTS\lib\</path>
         <kind>archive</kind>
         <file>rtsv7M4_T_le_v4SPD16_eabi.lib</file>
         <name>args_main.c.obj</name>
      </input_file>
      <input_file id="fl-d3">
         <path>C:\ti\ccsv8\tools\compiler\ti-cgt-arm_18.1.1.LTS\lib\</path>
         <kind>archive</kind>
         <file>rtsv7M4_T_le_v4SPD16_eabi.lib</file>
         <name>autoinit.c.obj</name>
      </input_file>
      <input_file id="fl-d4">
         <path>C:\ti\ccsv8\tools\compiler\ti-cgt-arm_18.1.1.LTS\lib\</path>
         <kind>archive</kind>
         <file>rtsv7M4_T_le_v4SPD16_eabi.lib</file>
         <name>pre_init.c.obj</name>
      </input_file>
      <input_file id="fl-d5">
         <path>C:\ti\ccsv8\tools\compiler\ti-cgt-arm_18.1.1.LTS\lib\</path>
         <kind>archive</kind>
         <file>rtsv7M4_T_le_v4SPD16_eabi.lib</file>
         <name>cpy_tbl.c.obj</name>
      </input_file>
      <input_file id="fl-d6">
         <path>C:\ti\TivaWare_C_Series-2.1.4.178\driverlib\ccs\Debug\</path>
         <kind>archive</kind>
         <file>driverlib.lib</file>
         <name>can.obj</name>
      </input_file>
      <input_file id="fl-d7">
         <path>C:\ti\TivaWare_C_Series-2.1.4.178\driverlib\ccs\Debug\</path>
         <kind>archive</kind>
         <file>driverlib.lib</file>
         <name>gpio.obj</name>
      </input_file>
      <input_file id="fl-d8">
         <path>C:\ti\TivaWare_C_Series-2.1.4.178\driverlib\ccs\Debug\</path>
         <kind>archive</kind>
         <file>driverlib.lib</file>
         <name>interrupt.obj</name>
      </input_file>
      <input_file id="fl-d9">
         <path>C:\ti\TivaWare_C_Series-2.1.4.178\driverlib\ccs\Debug\</path>
         <kind>archive</kind>
         <file>driverlib.lib</file>
         <name>sysctl.obj</name>
      </input_file>
      <input_file id="fl-da">
         <path>C:\ti\TivaWare_C_Series-2.1.4.178\driverlib\ccs\Debug\</path>
         <kind>archive</kind>
         <file>driverlib.lib</file>
         <name>cpu.obj</name>
      </input_file>
   </input_file_list>
   <object_component_list>
      <object_component id="oc-f">
         <name>.intvecs</name>
         <load_address>0x0</load_address>
         <run_address>0x0</run_address>
         <size>0x26c</size>
         <input_file_ref idref="fl-e"/>
      </object_component>
      <object_component id="oc-7c">
         <name>.text</name>
         <load_address>0x26c</load_address>
         <run_address>0x26c</run_address>
         <size>0x1b1c</size>
         <input_file_ref idref="fl-c"/>
      </object_component>
      <object_component id="oc-1b4">
         <name>.text</name>
         <load_address>0x1d88</load_address>
         <run_address>0x1d88</run_address>
         <size>0xcf8</size>
         <input_file_ref idref="fl-a"/>
      </object_component>
      <object_component id="oc-134">
         <name>.text</name>
         <load_address>0x2a80</load_address>
         <run_address>0x2a80</run_address>
         <size>0x1cc</size>
         <input_file_ref idref="fl-3"/>
      </object_component>
      <object_component id="oc-2f">
         <name>.text</name>
         <load_address>0x2c4c</load_address>
         <run_address>0x2c4c</run_address>
         <size>0x1c4</size>
         <input_file_ref idref="fl-8"/>
      </object_component>
      <object_component id="oc-1ff">
         <name>.text:CANMessageSet</name>
         <load_address>0x2e10</load_address>
         <run_address>0x2e10</run_address>
         <size>0x136</size>
         <input_file_ref idref="fl-d6"/>
      </object_component>
      <object_component id="oc-25a">
         <name>.text:GPIOPadConfigSet</name>
         <load_address>0x2f46</load_address>
         <run_address>0x2f46</run_address>
         <size>0x132</size>
         <input_file_ref idref="fl-d7"/>
      </object_component>
      <object_component id="oc-e1">
         <name>.text</name>
         <load_address>0x3078</load_address>
         <run_address>0x3078</run_address>
         <size>0x132</size>
         <input_file_ref idref="fl-7"/>
      </object_component>
      <object_component id="oc-1ed">
         <name>.text:SysCtlClockGet</name>
         <load_address>0x31ac</load_address>
         <run_address>0x31ac</run_address>
         <size>0x110</size>
         <input_file_ref idref="fl-d9"/>
      </object_component>
      <object_component id="oc-20b">
         <name>.text:CANMessageGet</name>
         <load_address>0x32bc</load_address>
         <run_address>0x32bc</run_address>
         <size>0x10e</size>
         <input_file_ref idref="fl-d6"/>
      </object_component>
      <object_component id="oc-1d5">
         <name>.text:SysCtlClockSet</name>
         <load_address>0x33cc</load_address>
         <run_address>0x33cc</run_address>
         <size>0xf4</size>
         <input_file_ref idref="fl-d9"/>
      </object_component>
      <object_component id="oc-bf">
         <name>.text</name>
         <load_address>0x34c0</load_address>
         <run_address>0x34c0</run_address>
         <size>0xf4</size>
         <input_file_ref idref="fl-2"/>
      </object_component>
      <object_component id="oc-2a">
         <name>.text</name>
         <load_address>0x35b4</load_address>
         <run_address>0x35b4</run_address>
         <size>0xda</size>
         <input_file_ref idref="fl-9"/>
      </object_component>
      <object_component id="oc-db">
         <name>.text</name>
         <load_address>0x3690</load_address>
         <run_address>0x3690</run_address>
         <size>0x9c</size>
         <input_file_ref idref="fl-6"/>
      </object_component>
      <object_component id="oc-43">
         <name>.text</name>
         <load_address>0x372c</load_address>
         <run_address>0x372c</run_address>
         <size>0x9c</size>
         <input_file_ref idref="fl-ca"/>
      </object_component>
      <object_component id="oc-b3">
         <name>.text</name>
         <load_address>0x37c8</load_address>
         <run_address>0x37c8</run_address>
         <size>0x7a</size>
         <input_file_ref idref="fl-cb"/>
      </object_component>
      <object_component id="oc-12d">
         <name>.text</name>
         <load_address>0x3844</load_address>
         <run_address>0x3844</run_address>
         <size>0x74</size>
         <input_file_ref idref="fl-f"/>
      </object_component>
      <object_component id="oc-1f3">
         <name>.text:CANBitRateSet</name>
         <load_address>0x38b8</load_address>
         <run_address>0x38b8</run_address>
         <size>0x6c</size>
         <input_file_ref idref="fl-d6"/>
      </object_component>
      <object_component id="oc-12">
         <name>.text:decompress:lzss:__TI_decompress_lzss</name>
         <load_address>0x3924</load_address>
         <run_address>0x3924</run_address>
         <size>0x68</size>
         <input_file_ref idref="fl-ce"/>
      </object_component>
      <object_component id="oc-1db">
         <name>.text:GPIOPinConfigure</name>
         <load_address>0x398c</load_address>
         <run_address>0x398c</run_address>
         <size>0x48</size>
         <input_file_ref idref="fl-d7"/>
      </object_component>
      <object_component id="oc-148">
         <name>.text:__TI_auto_init_nobinit_nopinit:__TI_auto_init_nobinit_nopinit</name>
         <load_address>0x39d4</load_address>
         <run_address>0x39d4</run_address>
         <size>0x44</size>
         <input_file_ref idref="fl-d3"/>
      </object_component>
      <object_component id="oc-205">
         <name>.text:CANStatusGet</name>
         <load_address>0x3a18</load_address>
         <run_address>0x3a18</run_address>
         <size>0x40</size>
         <input_file_ref idref="fl-d6"/>
      </object_component>
      <object_component id="oc-1e7">
         <name>.text:CANInit</name>
         <load_address>0x3a58</load_address>
         <run_address>0x3a58</run_address>
         <size>0x3a</size>
         <input_file_ref idref="fl-d6"/>
      </object_component>
      <object_component id="oc-1c6">
         <name>.text:SysCtlPeripheralReady</name>
         <load_address>0x3a94</load_address>
         <run_address>0x3a94</run_address>
         <size>0x38</size>
         <input_file_ref idref="fl-d9"/>
      </object_component>
      <object_component id="oc-61">
         <name>.text:_c_int00_noargs:_c_int00_noargs</name>
         <load_address>0x3acc</load_address>
         <run_address>0x3acc</run_address>
         <size>0x38</size>
         <input_file_ref idref="fl-cf"/>
      </object_component>
      <object_component id="oc-1c0">
         <name>.text:SysCtlPeripheralEnable</name>
         <load_address>0x3b04</load_address>
         <run_address>0x3b04</run_address>
         <size>0x34</size>
         <input_file_ref idref="fl-d9"/>
      </object_component>
      <object_component id="oc-260">
         <name>.text:GPIODirModeSet</name>
         <load_address>0x3b38</load_address>
         <run_address>0x3b38</run_address>
         <size>0x2a</size>
         <input_file_ref idref="fl-d7"/>
      </object_component>
      <object_component id="oc-288">
         <name>.text:_CANDataRegRead</name>
         <load_address>0x3b62</load_address>
         <run_address>0x3b62</run_address>
         <size>0x2a</size>
         <input_file_ref idref="fl-d6"/>
      </object_component>
      <object_component id="oc-27b">
         <name>.text:_CANDataRegWrite</name>
         <load_address>0x3b8c</load_address>
         <run_address>0x3b8c</run_address>
         <size>0x24</size>
         <input_file_ref idref="fl-d6"/>
      </object_component>
      <object_component id="oc-1cc">
         <name>.text:GPIOPinTypeGPIOOutput</name>
         <load_address>0x3bb0</load_address>
         <run_address>0x3bb0</run_address>
         <size>0x18</size>
         <input_file_ref idref="fl-d7"/>
      </object_component>
      <object_component id="oc-1e1">
         <name>.text:GPIOPinTypeCAN</name>
         <load_address>0x3bc8</load_address>
         <run_address>0x3bc8</run_address>
         <size>0x12</size>
         <input_file_ref idref="fl-d7"/>
      </object_component>
      <object_component id="oc-18">
         <name>.text:decompress:none:__TI_decompress_none</name>
         <load_address>0x3bda</load_address>
         <run_address>0x3bda</run_address>
         <size>0xe</size>
         <input_file_ref idref="fl-cd"/>
      </object_component>
      <object_component id="oc-55">
         <name>.text:decompress:ZI:__TI_zero_init</name>
         <load_address>0x3be8</load_address>
         <run_address>0x3be8</run_address>
         <size>0xc</size>
         <input_file_ref idref="fl-cc"/>
      </object_component>
      <object_component id="oc-24">
         <name>.text</name>
         <load_address>0x3bf4</load_address>
         <run_address>0x3bf4</run_address>
         <size>0xc</size>
         <input_file_ref idref="fl-e"/>
      </object_component>
      <object_component id="oc-1f9">
         <name>.text:CANEnable</name>
         <load_address>0x3c00</load_address>
         <run_address>0x3c00</run_address>
         <size>0xa</size>
         <input_file_ref idref="fl-d6"/>
      </object_component>
      <object_component id="oc-1ba">
         <name>.text:GPIOPinWrite</name>
         <load_address>0x3c0a</load_address>
         <run_address>0x3c0a</run_address>
         <size>0x6</size>
         <input_file_ref idref="fl-d7"/>
      </object_component>
      <object_component id="oc-269">
         <name>.text:SysCtlDelay</name>
         <load_address>0x3c10</load_address>
         <run_address>0x3c10</run_address>
         <size>0x6</size>
         <input_file_ref idref="fl-d9"/>
      </object_component>
      <object_component id="oc-b9">
         <name>.text:_system_pre_init</name>
         <load_address>0x3c16</load_address>
         <run_address>0x3c16</run_address>
         <size>0x4</size>
         <input_file_ref idref="fl-d4"/>
      </object_component>
      <object_component id="oc-13c">
         <name>.text:abort:abort</name>
         <load_address>0x3c1a</load_address>
         <run_address>0x3c1a</run_address>
         <size>0x4</size>
         <input_file_ref idref="fl-d0"/>
      </object_component>
      <object_component id="oc-26b">
         <name>.const:g_pui32GPIOBaseAddrs</name>
         <load_address>0x3c20</load_address>
         <run_address>0x3c20</run_address>
         <size>0x90</size>
         <input_file_ref idref="fl-d7"/>
      </object_component>
      <object_component id="oc-272">
         <name>.const:g_pui32Xtals</name>
         <load_address>0x3cb0</load_address>
         <run_address>0x3cb0</run_address>
         <size>0x6c</size>
         <input_file_ref idref="fl-d9"/>
      </object_component>
      <object_component id="oc-276">
         <name>.const</name>
         <load_address>0x3d1c</load_address>
         <run_address>0x3d1c</run_address>
         <size>0x20</size>
         <input_file_ref idref="fl-d6"/>
      </object_component>
      <object_component id="oc-79">
         <name>.const</name>
         <load_address>0x3d3c</load_address>
         <run_address>0x3d3c</run_address>
         <size>0x8</size>
         <input_file_ref idref="fl-8"/>
      </object_component>
      <object_component id="oc-312">
         <name>.cinit..data.load</name>
         <load_address>0x3d48</load_address>
         <run_address>0x3d48</run_address>
         <size>0x17</size>
      </object_component>
      <object_component id="oc-310">
         <name>__TI_handler_table</name>
         <load_address>0x3d60</load_address>
         <run_address>0x3d60</run_address>
         <size>0xc</size>
      </object_component>
      <object_component id="oc-313">
         <name>.cinit..bss.load</name>
         <load_address>0x3d70</load_address>
         <run_address>0x3d70</run_address>
         <size>0x8</size>
      </object_component>
      <object_component id="oc-311">
         <name>__TI_cinit_table</name>
         <load_address>0x3d78</load_address>
         <run_address>0x3d78</run_address>
         <size>0x10</size>
      </object_component>
      <object_component id="oc-190">
         <name>.data</name>
         <load_address>0x20005190</load_address>
         <run_address>0x20005190</run_address>
         <size>0x8</size>
         <input_file_ref idref="fl-6"/>
      </object_component>
      <object_component id="oc-83">
         <name>.data</name>
         <load_address>0x20005184</load_address>
         <run_address>0x20005184</run_address>
         <size>0xc</size>
         <input_file_ref idref="fl-8"/>
      </object_component>
      <object_component id="oc-76">
         <name>.data</name>
         <load_address>0x20005150</load_address>
         <run_address>0x20005150</run_address>
         <size>0x34</size>
         <input_file_ref idref="fl-c"/>
      </object_component>
      <object_component id="oc-193">
         <name>.bss:ucHeap</name>
         <uninitialized>true</uninitialized>
         <run_address>0x20000000</run_address>
         <size>0x4e20</size>
         <input_file_ref idref="fl-6"/>
      </object_component>
      <object_component id="oc-e7">
         <name>.bss:pxReadyTasksLists</name>
         <uninitialized>true</uninitialized>
         <run_address>0x20004e20</run_address>
         <size>0x64</size>
         <input_file_ref idref="fl-c"/>
      </object_component>
      <object_component id="oc-f6">
         <name>.bss:xDelayedTaskList1</name>
         <uninitialized>true</uninitialized>
         <run_address>0x20004ed4</run_address>
         <size>0x14</size>
         <input_file_ref idref="fl-c"/>
      </object_component>
      <object_component id="oc-f9">
         <name>.bss:xDelayedTaskList2</name>
         <uninitialized>true</uninitialized>
         <run_address>0x20004ee8</run_address>
         <size>0x14</size>
         <input_file_ref idref="fl-c"/>
      </object_component>
      <object_component id="oc-ed">
         <name>.bss</name>
         <uninitialized>true</uninitialized>
         <run_address>0x20004f38</run_address>
         <size>0x8</size>
         <input_file_ref idref="fl-c"/>
      </object_component>
      <object_component id="oc-f3">
         <name>.bss:xPendingReadyList</name>
         <uninitialized>true</uninitialized>
         <run_address>0x20004efc</run_address>
         <size>0x14</size>
         <input_file_ref idref="fl-c"/>
      </object_component>
      <object_component id="oc-ea">
         <name>.bss:xTasksWaitingTermination</name>
         <uninitialized>true</uninitialized>
         <run_address>0x20004f24</run_address>
         <size>0x14</size>
         <input_file_ref idref="fl-c"/>
      </object_component>
      <object_component id="oc-f0">
         <name>.bss:xSuspendedTaskList</name>
         <uninitialized>true</uninitialized>
         <run_address>0x20004f10</run_address>
         <size>0x14</size>
         <input_file_ref idref="fl-c"/>
      </object_component>
      <object_component id="oc-1d2">
         <name>.common:xSemaphore</name>
         <uninitialized>true</uninitialized>
         <run_address>0x20004f4c</run_address>
         <size>0x4</size>
      </object_component>
      <object_component id="oc-133">
         <name>.common:handler_init_CAN_Tx</name>
         <uninitialized>true</uninitialized>
         <run_address>0x20004f44</run_address>
         <size>0x4</size>
      </object_component>
      <object_component id="oc-13a">
         <name>.common:handler_init_CAN_Rx</name>
         <uninitialized>true</uninitialized>
         <run_address>0x20004f40</run_address>
         <size>0x4</size>
      </object_component>
      <object_component id="oc-12c">
         <name>.common:handler_init_GPIO</name>
         <uninitialized>true</uninitialized>
         <run_address>0x20004f48</run_address>
         <size>0x4</size>
      </object_component>
      <object_component id="oc-242">
         <name>.common:xQueueRegistry</name>
         <uninitialized>true</uninitialized>
         <run_address>0x20004e84</run_address>
         <size>0x50</size>
      </object_component>
      <object_component id="oc-21">
         <name>.stack</name>
         <uninitialized>true</uninitialized>
         <run_address>0x20004f50</run_address>
         <size>0x4</size>
         <input_file_ref idref="fl-cf"/>
      </object_component>
      <object_component id="oc-314">
         <name>.stack</name>
         <uninitialized>true</uninitialized>
         <run_address>0x20004f50</run_address>
         <size>0x0</size>
      </object_component>
      <object_component id="oc-115">
         <name>.debug_info</name>
         <load_address>0x0</load_address>
         <run_address>0x0</run_address>
         <size>0x5da</size>
         <input_file_ref idref="fl-2"/>
      </object_component>
      <object_component id="oc-c0">
         <name>.debug_info</name>
         <load_address>0x5da</load_address>
         <run_address>0x5da</run_address>
         <size>0x17f</size>
         <input_file_ref idref="fl-2"/>
      </object_component>
      <object_component id="oc-106">
         <name>.debug_info</name>
         <load_address>0x759</load_address>
         <run_address>0x759</run_address>
         <size>0x315</size>
         <input_file_ref idref="fl-2"/>
      </object_component>
      <object_component id="oc-99">
         <name>.debug_info</name>
         <load_address>0xa6e</load_address>
         <run_address>0xa6e</run_address>
         <size>0x26b</size>
         <input_file_ref idref="fl-2"/>
      </object_component>
      <object_component id="oc-110">
         <name>.debug_info</name>
         <load_address>0xcd9</load_address>
         <run_address>0xcd9</run_address>
         <size>0x476</size>
         <input_file_ref idref="fl-2"/>
      </object_component>
      <object_component id="oc-1aa">
         <name>.debug_info</name>
         <load_address>0x114f</load_address>
         <run_address>0x114f</run_address>
         <size>0x4f</size>
         <input_file_ref idref="fl-2"/>
      </object_component>
      <object_component id="oc-1af">
         <name>.debug_info</name>
         <load_address>0x119e</load_address>
         <run_address>0x119e</run_address>
         <size>0x2c</size>
         <input_file_ref idref="fl-2"/>
      </object_component>
      <object_component id="oc-3e">
         <name>.debug_info</name>
         <load_address>0x11ca</load_address>
         <run_address>0x11ca</run_address>
         <size>0x84</size>
         <input_file_ref idref="fl-2"/>
      </object_component>
      <object_component id="oc-88">
         <name>.debug_info</name>
         <load_address>0x124e</load_address>
         <run_address>0x124e</run_address>
         <size>0x2c</size>
         <input_file_ref idref="fl-2"/>
      </object_component>
      <object_component id="oc-117">
         <name>.debug_info</name>
         <load_address>0x127a</load_address>
         <run_address>0x127a</run_address>
         <size>0x297</size>
         <input_file_ref idref="fl-2"/>
      </object_component>
      <object_component id="oc-92">
         <name>.debug_info</name>
         <load_address>0x1511</load_address>
         <run_address>0x1511</run_address>
         <size>0xbb</size>
         <input_file_ref idref="fl-2"/>
      </object_component>
      <object_component id="oc-8d">
         <name>.debug_info</name>
         <load_address>0x15cc</load_address>
         <run_address>0x15cc</run_address>
         <size>0x53</size>
         <input_file_ref idref="fl-2"/>
      </object_component>
      <object_component id="oc-101">
         <name>.debug_info</name>
         <load_address>0x161f</load_address>
         <run_address>0x161f</run_address>
         <size>0x53</size>
         <input_file_ref idref="fl-2"/>
      </object_component>
      <object_component id="oc-10b">
         <name>.debug_info</name>
         <load_address>0x1672</load_address>
         <run_address>0x1672</run_address>
         <size>0x14c</size>
         <input_file_ref idref="fl-2"/>
      </object_component>
      <object_component id="oc-212">
         <name>.debug_info</name>
         <load_address>0x17be</load_address>
         <run_address>0x17be</run_address>
         <size>0x81a</size>
         <input_file_ref idref="fl-3"/>
      </object_component>
      <object_component id="oc-135">
         <name>.debug_info</name>
         <load_address>0x1fd8</load_address>
         <run_address>0x1fd8</run_address>
         <size>0x5f1</size>
         <input_file_ref idref="fl-3"/>
      </object_component>
      <object_component id="oc-214">
         <name>.debug_info</name>
         <load_address>0x25c9</load_address>
         <run_address>0x25c9</run_address>
         <size>0x1b3</size>
         <input_file_ref idref="fl-3"/>
      </object_component>
      <object_component id="oc-255">
         <name>.debug_info</name>
         <load_address>0x277c</load_address>
         <run_address>0x277c</run_address>
         <size>0x8b</size>
         <input_file_ref idref="fl-3"/>
      </object_component>
      <object_component id="oc-239">
         <name>.debug_info</name>
         <load_address>0x2807</load_address>
         <run_address>0x2807</run_address>
         <size>0x639</size>
         <input_file_ref idref="fl-5"/>
      </object_component>
      <object_component id="oc-181">
         <name>.debug_info</name>
         <load_address>0x2e40</load_address>
         <run_address>0x2e40</run_address>
         <size>0x110</size>
         <input_file_ref idref="fl-5"/>
      </object_component>
      <object_component id="oc-18b">
         <name>.debug_info</name>
         <load_address>0x2f50</load_address>
         <run_address>0x2f50</run_address>
         <size>0x476</size>
         <input_file_ref idref="fl-5"/>
      </object_component>
      <object_component id="oc-2b4">
         <name>.debug_info</name>
         <load_address>0x33c6</load_address>
         <run_address>0x33c6</run_address>
         <size>0x76</size>
         <input_file_ref idref="fl-5"/>
      </object_component>
      <object_component id="oc-2b9">
         <name>.debug_info</name>
         <load_address>0x343c</load_address>
         <run_address>0x343c</run_address>
         <size>0x39</size>
         <input_file_ref idref="fl-5"/>
      </object_component>
      <object_component id="oc-17c">
         <name>.debug_info</name>
         <load_address>0x3475</load_address>
         <run_address>0x3475</run_address>
         <size>0x4f</size>
         <input_file_ref idref="fl-5"/>
      </object_component>
      <object_component id="oc-197">
         <name>.debug_info</name>
         <load_address>0x34c4</load_address>
         <run_address>0x34c4</run_address>
         <size>0x3f8</size>
         <input_file_ref idref="fl-6"/>
      </object_component>
      <object_component id="oc-194">
         <name>.debug_info</name>
         <load_address>0x38bc</load_address>
         <run_address>0x38bc</run_address>
         <size>0xdf</size>
         <input_file_ref idref="fl-6"/>
      </object_component>
      <object_component id="oc-191">
         <name>.debug_info</name>
         <load_address>0x399b</load_address>
         <run_address>0x399b</run_address>
         <size>0xed</size>
         <input_file_ref idref="fl-6"/>
      </object_component>
      <object_component id="oc-dc">
         <name>.debug_info</name>
         <load_address>0x3a88</load_address>
         <run_address>0x3a88</run_address>
         <size>0x36d</size>
         <input_file_ref idref="fl-6"/>
      </object_component>
      <object_component id="oc-199">
         <name>.debug_info</name>
         <load_address>0x3df5</load_address>
         <run_address>0x3df5</run_address>
         <size>0x36b</size>
         <input_file_ref idref="fl-7"/>
      </object_component>
      <object_component id="oc-e2">
         <name>.debug_info</name>
         <load_address>0x4160</load_address>
         <run_address>0x4160</run_address>
         <size>0x4ed</size>
         <input_file_ref idref="fl-7"/>
      </object_component>
      <object_component id="oc-87">
         <name>.debug_info</name>
         <load_address>0x464d</load_address>
         <run_address>0x464d</run_address>
         <size>0x441</size>
         <input_file_ref idref="fl-8"/>
      </object_component>
      <object_component id="oc-7a">
         <name>.debug_info</name>
         <load_address>0x4a8e</load_address>
         <run_address>0x4a8e</run_address>
         <size>0x154</size>
         <input_file_ref idref="fl-8"/>
      </object_component>
      <object_component id="oc-84">
         <name>.debug_info</name>
         <load_address>0x4be2</load_address>
         <run_address>0x4be2</run_address>
         <size>0x15f</size>
         <input_file_ref idref="fl-8"/>
      </object_component>
      <object_component id="oc-30">
         <name>.debug_info</name>
         <load_address>0x4d41</load_address>
         <run_address>0x4d41</run_address>
         <size>0x74d</size>
         <input_file_ref idref="fl-8"/>
      </object_component>
      <object_component id="oc-2b">
         <name>.debug_info</name>
         <load_address>0x548e</load_address>
         <run_address>0x548e</run_address>
         <size>0x244</size>
         <input_file_ref idref="fl-9"/>
      </object_component>
      <object_component id="oc-243">
         <name>.debug_info</name>
         <load_address>0x56d2</load_address>
         <run_address>0x56d2</run_address>
         <size>0x87d</size>
         <input_file_ref idref="fl-a"/>
      </object_component>
      <object_component id="oc-1b5">
         <name>.debug_info</name>
         <load_address>0x5f4f</load_address>
         <run_address>0x5f4f</run_address>
         <size>0x369e</size>
         <input_file_ref idref="fl-a"/>
      </object_component>
      <object_component id="oc-2c0">
         <name>.debug_info</name>
         <load_address>0x95ed</load_address>
         <run_address>0x95ed</run_address>
         <size>0x23f</size>
         <input_file_ref idref="fl-a"/>
      </object_component>
      <object_component id="oc-246">
         <name>.debug_info</name>
         <load_address>0x982c</load_address>
         <run_address>0x982c</run_address>
         <size>0x46</size>
         <input_file_ref idref="fl-a"/>
      </object_component>
      <object_component id="oc-123">
         <name>.debug_info</name>
         <load_address>0x9872</load_address>
         <run_address>0x9872</run_address>
         <size>0x2c</size>
         <input_file_ref idref="fl-b"/>
      </object_component>
      <object_component id="oc-d3">
         <name>.debug_info</name>
         <load_address>0x989e</load_address>
         <run_address>0x989e</run_address>
         <size>0x780</size>
         <input_file_ref idref="fl-c"/>
      </object_component>
      <object_component id="oc-77">
         <name>.debug_info</name>
         <load_address>0xa01e</load_address>
         <run_address>0xa01e</run_address>
         <size>0x34e</size>
         <input_file_ref idref="fl-c"/>
      </object_component>
      <object_component id="oc-e8">
         <name>.debug_info</name>
         <load_address>0xa36c</load_address>
         <run_address>0xa36c</run_address>
         <size>0xf5</size>
         <input_file_ref idref="fl-c"/>
      </object_component>
      <object_component id="oc-f7">
         <name>.debug_info</name>
         <load_address>0xa461</load_address>
         <run_address>0xa461</run_address>
         <size>0xf5</size>
         <input_file_ref idref="fl-c"/>
      </object_component>
      <object_component id="oc-fa">
         <name>.debug_info</name>
         <load_address>0xa556</load_address>
         <run_address>0xa556</run_address>
         <size>0xf5</size>
         <input_file_ref idref="fl-c"/>
      </object_component>
      <object_component id="oc-ee">
         <name>.debug_info</name>
         <load_address>0xa64b</load_address>
         <run_address>0xa64b</run_address>
         <size>0x138</size>
         <input_file_ref idref="fl-c"/>
      </object_component>
      <object_component id="oc-f4">
         <name>.debug_info</name>
         <load_address>0xa783</load_address>
         <run_address>0xa783</run_address>
         <size>0xf5</size>
         <input_file_ref idref="fl-c"/>
      </object_component>
      <object_component id="oc-eb">
         <name>.debug_info</name>
         <load_address>0xa878</load_address>
         <run_address>0xa878</run_address>
         <size>0x103</size>
         <input_file_ref idref="fl-c"/>
      </object_component>
      <object_component id="oc-f1">
         <name>.debug_info</name>
         <load_address>0xa97b</load_address>
         <run_address>0xa97b</run_address>
         <size>0xf7</size>
         <input_file_ref idref="fl-c"/>
      </object_component>
      <object_component id="oc-7d">
         <name>.debug_info</name>
         <load_address>0xaa72</load_address>
         <run_address>0xaa72</run_address>
         <size>0x52b6</size>
         <input_file_ref idref="fl-c"/>
      </object_component>
      <object_component id="oc-d4">
         <name>.debug_info</name>
         <load_address>0xfd28</load_address>
         <run_address>0xfd28</run_address>
         <size>0x30c</size>
         <input_file_ref idref="fl-c"/>
      </object_component>
      <object_component id="oc-186">
         <name>.debug_info</name>
         <load_address>0x10034</load_address>
         <run_address>0x10034</run_address>
         <size>0x159</size>
         <input_file_ref idref="fl-c"/>
      </object_component>
      <object_component id="oc-37">
         <name>.debug_info</name>
         <load_address>0x1018d</load_address>
         <run_address>0x1018d</run_address>
         <size>0x33f</size>
         <input_file_ref idref="fl-e"/>
      </object_component>
      <object_component id="oc-10">
         <name>.debug_info</name>
         <load_address>0x104cc</load_address>
         <run_address>0x104cc</run_address>
         <size>0xfe</size>
         <input_file_ref idref="fl-e"/>
      </object_component>
      <object_component id="oc-25">
         <name>.debug_info</name>
         <load_address>0x105ca</load_address>
         <run_address>0x105ca</run_address>
         <size>0x2f2</size>
         <input_file_ref idref="fl-e"/>
      </object_component>
      <object_component id="oc-1d4">
         <name>.debug_info</name>
         <load_address>0x108bc</load_address>
         <run_address>0x108bc</run_address>
         <size>0x588</size>
         <input_file_ref idref="fl-f"/>
      </object_component>
      <object_component id="oc-12e">
         <name>.debug_info</name>
         <load_address>0x10e44</load_address>
         <run_address>0x10e44</run_address>
         <size>0x276</size>
         <input_file_ref idref="fl-f"/>
      </object_component>
      <object_component id="oc-44">
         <name>.debug_info</name>
         <load_address>0x110ba</load_address>
         <run_address>0x110ba</run_address>
         <size>0x111</size>
         <input_file_ref idref="fl-ca"/>
      </object_component>
      <object_component id="oc-b4">
         <name>.debug_info</name>
         <load_address>0x111cb</load_address>
         <run_address>0x111cb</run_address>
         <size>0x13f</size>
         <input_file_ref idref="fl-cb"/>
      </object_component>
      <object_component id="oc-b2">
         <name>.debug_info</name>
         <load_address>0x1130a</load_address>
         <run_address>0x1130a</run_address>
         <size>0x313</size>
         <input_file_ref idref="fl-cc"/>
      </object_component>
      <object_component id="oc-57">
         <name>.debug_info</name>
         <load_address>0x1161d</load_address>
         <run_address>0x1161d</run_address>
         <size>0x1aa</size>
         <input_file_ref idref="fl-cc"/>
      </object_component>
      <object_component id="oc-ad">
         <name>.debug_info</name>
         <load_address>0x117c7</load_address>
         <run_address>0x117c7</run_address>
         <size>0x46</size>
         <input_file_ref idref="fl-cc"/>
      </object_component>
      <object_component id="oc-4e">
         <name>.debug_info</name>
         <load_address>0x1180d</load_address>
         <run_address>0x1180d</run_address>
         <size>0x29d</size>
         <input_file_ref idref="fl-cd"/>
      </object_component>
      <object_component id="oc-1b">
         <name>.debug_info</name>
         <load_address>0x11aaa</load_address>
         <run_address>0x11aaa</run_address>
         <size>0x1df</size>
         <input_file_ref idref="fl-cd"/>
      </object_component>
      <object_component id="oc-49">
         <name>.debug_info</name>
         <load_address>0x11c89</load_address>
         <run_address>0x11c89</run_address>
         <size>0x46</size>
         <input_file_ref idref="fl-cd"/>
      </object_component>
      <object_component id="oc-a5">
         <name>.debug_info</name>
         <load_address>0x11ccf</load_address>
         <run_address>0x11ccf</run_address>
         <size>0x2c</size>
         <input_file_ref idref="fl-cd"/>
      </object_component>
      <object_component id="oc-a3">
         <name>.debug_info</name>
         <load_address>0x11cfb</load_address>
         <run_address>0x11cfb</run_address>
         <size>0x293</size>
         <input_file_ref idref="fl-ce"/>
      </object_component>
      <object_component id="oc-13">
         <name>.debug_info</name>
         <load_address>0x11f8e</load_address>
         <run_address>0x11f8e</run_address>
         <size>0x245</size>
         <input_file_ref idref="fl-ce"/>
      </object_component>
      <object_component id="oc-39">
         <name>.debug_info</name>
         <load_address>0x121d3</load_address>
         <run_address>0x121d3</run_address>
         <size>0x60</size>
         <input_file_ref idref="fl-ce"/>
      </object_component>
      <object_component id="oc-11c">
         <name>.debug_info</name>
         <load_address>0x12233</load_address>
         <run_address>0x12233</run_address>
         <size>0x46</size>
         <input_file_ref idref="fl-ce"/>
      </object_component>
      <object_component id="oc-9e">
         <name>.debug_info</name>
         <load_address>0x12279</load_address>
         <run_address>0x12279</run_address>
         <size>0x39</size>
         <input_file_ref idref="fl-ce"/>
      </object_component>
      <object_component id="oc-22">
         <name>.debug_info</name>
         <load_address>0x122b2</load_address>
         <run_address>0x122b2</run_address>
         <size>0x100</size>
         <input_file_ref idref="fl-cf"/>
      </object_component>
      <object_component id="oc-62">
         <name>.debug_info</name>
         <load_address>0x123b2</load_address>
         <run_address>0x123b2</run_address>
         <size>0x1a4</size>
         <input_file_ref idref="fl-cf"/>
      </object_component>
      <object_component id="oc-13f">
         <name>.debug_info</name>
         <load_address>0x12556</load_address>
         <run_address>0x12556</run_address>
         <size>0x117</size>
         <input_file_ref idref="fl-d0"/>
      </object_component>
      <object_component id="oc-224">
         <name>.debug_info</name>
         <load_address>0x1266d</load_address>
         <run_address>0x1266d</run_address>
         <size>0x547</size>
         <input_file_ref idref="fl-d3"/>
      </object_component>
      <object_component id="oc-14b">
         <name>.debug_info</name>
         <load_address>0x12bb4</load_address>
         <run_address>0x12bb4</run_address>
         <size>0x19b</size>
         <input_file_ref idref="fl-d3"/>
      </object_component>
      <object_component id="oc-2a1">
         <name>.debug_info</name>
         <load_address>0x12d4f</load_address>
         <run_address>0x12d4f</run_address>
         <size>0x39</size>
         <input_file_ref idref="fl-d3"/>
      </object_component>
      <object_component id="oc-2dd">
         <name>.debug_info</name>
         <load_address>0x12d88</load_address>
         <run_address>0x12d88</run_address>
         <size>0x39</size>
         <input_file_ref idref="fl-d3"/>
      </object_component>
      <object_component id="oc-2a6">
         <name>.debug_info</name>
         <load_address>0x12dc1</load_address>
         <run_address>0x12dc1</run_address>
         <size>0x39</size>
         <input_file_ref idref="fl-d3"/>
      </object_component>
      <object_component id="oc-2ab">
         <name>.debug_info</name>
         <load_address>0x12dfa</load_address>
         <run_address>0x12dfa</run_address>
         <size>0xcd</size>
         <input_file_ref idref="fl-d3"/>
      </object_component>
      <object_component id="oc-bc">
         <name>.debug_info</name>
         <load_address>0x12ec7</load_address>
         <run_address>0x12ec7</run_address>
         <size>0x148</size>
         <input_file_ref idref="fl-d4"/>
      </object_component>
      <object_component id="oc-271">
         <name>.debug_info</name>
         <load_address>0x1300f</load_address>
         <run_address>0x1300f</run_address>
         <size>0x227</size>
         <input_file_ref idref="fl-d6"/>
      </object_component>
      <object_component id="oc-277">
         <name>.debug_info</name>
         <load_address>0x13236</load_address>
         <run_address>0x13236</run_address>
         <size>0x156</size>
         <input_file_ref idref="fl-d6"/>
      </object_component>
      <object_component id="oc-208">
         <name>.debug_info</name>
         <load_address>0x1338c</load_address>
         <run_address>0x1338c</run_address>
         <size>0x286</size>
         <input_file_ref idref="fl-d6"/>
      </object_component>
      <object_component id="oc-27e">
         <name>.debug_info</name>
         <load_address>0x13612</load_address>
         <run_address>0x13612</run_address>
         <size>0x2dd</size>
         <input_file_ref idref="fl-d6"/>
      </object_component>
      <object_component id="oc-202">
         <name>.debug_info</name>
         <load_address>0x138ef</load_address>
         <run_address>0x138ef</run_address>
         <size>0x413</size>
         <input_file_ref idref="fl-d6"/>
      </object_component>
      <object_component id="oc-28b">
         <name>.debug_info</name>
         <load_address>0x13d02</load_address>
         <run_address>0x13d02</run_address>
         <size>0x2de</size>
         <input_file_ref idref="fl-d6"/>
      </object_component>
      <object_component id="oc-20e">
         <name>.debug_info</name>
         <load_address>0x13fe0</load_address>
         <run_address>0x13fe0</run_address>
         <size>0x3e8</size>
         <input_file_ref idref="fl-d6"/>
      </object_component>
      <object_component id="oc-1ea">
         <name>.debug_info</name>
         <load_address>0x143c8</load_address>
         <run_address>0x143c8</run_address>
         <size>0x26c</size>
         <input_file_ref idref="fl-d6"/>
      </object_component>
      <object_component id="oc-1fc">
         <name>.debug_info</name>
         <load_address>0x14634</load_address>
         <run_address>0x14634</run_address>
         <size>0x242</size>
         <input_file_ref idref="fl-d6"/>
      </object_component>
      <object_component id="oc-1f6">
         <name>.debug_info</name>
         <load_address>0x14876</load_address>
         <run_address>0x14876</run_address>
         <size>0x360</size>
         <input_file_ref idref="fl-d6"/>
      </object_component>
      <object_component id="oc-282">
         <name>.debug_info</name>
         <load_address>0x14bd6</load_address>
         <run_address>0x14bd6</run_address>
         <size>0x1b3</size>
         <input_file_ref idref="fl-d6"/>
      </object_component>
      <object_component id="oc-24c">
         <name>.debug_info</name>
         <load_address>0x14d89</load_address>
         <run_address>0x14d89</run_address>
         <size>0x18b</size>
         <input_file_ref idref="fl-d6"/>
      </object_component>
      <object_component id="oc-251">
         <name>.debug_info</name>
         <load_address>0x14f14</load_address>
         <run_address>0x14f14</run_address>
         <size>0x240</size>
         <input_file_ref idref="fl-d7"/>
      </object_component>
      <object_component id="oc-26c">
         <name>.debug_info</name>
         <load_address>0x15154</load_address>
         <run_address>0x15154</run_address>
         <size>0x15b</size>
         <input_file_ref idref="fl-d7"/>
      </object_component>
      <object_component id="oc-1bd">
         <name>.debug_info</name>
         <load_address>0x152af</load_address>
         <run_address>0x152af</run_address>
         <size>0x2a3</size>
         <input_file_ref idref="fl-d7"/>
      </object_component>
      <object_component id="oc-263">
         <name>.debug_info</name>
         <load_address>0x15552</load_address>
         <run_address>0x15552</run_address>
         <size>0x2b3</size>
         <input_file_ref idref="fl-d7"/>
      </object_component>
      <object_component id="oc-25d">
         <name>.debug_info</name>
         <load_address>0x15805</load_address>
         <run_address>0x15805</run_address>
         <size>0x316</size>
         <input_file_ref idref="fl-d7"/>
      </object_component>
      <object_component id="oc-1cf">
         <name>.debug_info</name>
         <load_address>0x15b1b</load_address>
         <run_address>0x15b1b</run_address>
         <size>0x2b7</size>
         <input_file_ref idref="fl-d7"/>
      </object_component>
      <object_component id="oc-1e4">
         <name>.debug_info</name>
         <load_address>0x15dd2</load_address>
         <run_address>0x15dd2</run_address>
         <size>0x279</size>
         <input_file_ref idref="fl-d7"/>
      </object_component>
      <object_component id="oc-1de">
         <name>.debug_info</name>
         <load_address>0x1604b</load_address>
         <run_address>0x1604b</run_address>
         <size>0x280</size>
         <input_file_ref idref="fl-d7"/>
      </object_component>
      <object_component id="oc-253">
         <name>.debug_info</name>
         <load_address>0x162cb</load_address>
         <run_address>0x162cb</run_address>
         <size>0x298</size>
         <input_file_ref idref="fl-d9"/>
      </object_component>
      <object_component id="oc-273">
         <name>.debug_info</name>
         <load_address>0x16563</load_address>
         <run_address>0x16563</run_address>
         <size>0x14d</size>
         <input_file_ref idref="fl-d9"/>
      </object_component>
      <object_component id="oc-1c8">
         <name>.debug_info</name>
         <load_address>0x166b0</load_address>
         <run_address>0x166b0</run_address>
         <size>0x27f</size>
         <input_file_ref idref="fl-d9"/>
      </object_component>
      <object_component id="oc-1c2">
         <name>.debug_info</name>
         <load_address>0x1692f</load_address>
         <run_address>0x1692f</run_address>
         <size>0x27d</size>
         <input_file_ref idref="fl-d9"/>
      </object_component>
      <object_component id="oc-1d6">
         <name>.debug_info</name>
         <load_address>0x16bac</load_address>
         <run_address>0x16bac</run_address>
         <size>0x2db</size>
         <input_file_ref idref="fl-d9"/>
      </object_component>
      <object_component id="oc-1ee">
         <name>.debug_info</name>
         <load_address>0x16e87</load_address>
         <run_address>0x16e87</run_address>
         <size>0x2b5</size>
         <input_file_ref idref="fl-d9"/>
      </object_component>
      <object_component id="oc-2c9">
         <name>.debug_info</name>
         <load_address>0x1713c</load_address>
         <run_address>0x1713c</run_address>
         <size>0x5f</size>
         <input_file_ref idref="fl-d9"/>
      </object_component>
      <object_component id="oc-315">
         <name>.debug_info</name>
         <load_address>0x1719b</load_address>
         <run_address>0x1719b</run_address>
         <size>0xa5</size>
      </object_component>
      <object_component id="oc-1a9">
         <name>.debug_line</name>
         <load_address>0x0</load_address>
         <run_address>0x0</run_address>
         <size>0x6b</size>
         <input_file_ref idref="fl-2"/>
      </object_component>
      <object_component id="oc-c3">
         <name>.debug_line</name>
         <load_address>0x6b</load_address>
         <run_address>0x6b</run_address>
         <size>0x4c</size>
         <input_file_ref idref="fl-2"/>
      </object_component>
      <object_component id="oc-109">
         <name>.debug_line</name>
         <load_address>0xb7</load_address>
         <run_address>0xb7</run_address>
         <size>0x3c</size>
         <input_file_ref idref="fl-2"/>
      </object_component>
      <object_component id="oc-9c">
         <name>.debug_line</name>
         <load_address>0xf3</load_address>
         <run_address>0xf3</run_address>
         <size>0x69</size>
         <input_file_ref idref="fl-2"/>
      </object_component>
      <object_component id="oc-113">
         <name>.debug_line</name>
         <load_address>0x15c</load_address>
         <run_address>0x15c</run_address>
         <size>0x40</size>
         <input_file_ref idref="fl-2"/>
      </object_component>
      <object_component id="oc-1ad">
         <name>.debug_line</name>
         <load_address>0x19c</load_address>
         <run_address>0x19c</run_address>
         <size>0x3d</size>
         <input_file_ref idref="fl-2"/>
      </object_component>
      <object_component id="oc-1b2">
         <name>.debug_line</name>
         <load_address>0x1d9</load_address>
         <run_address>0x1d9</run_address>
         <size>0x3e</size>
         <input_file_ref idref="fl-2"/>
      </object_component>
      <object_component id="oc-41">
         <name>.debug_line</name>
         <load_address>0x217</load_address>
         <run_address>0x217</run_address>
         <size>0x20</size>
         <input_file_ref idref="fl-2"/>
      </object_component>
      <object_component id="oc-8b">
         <name>.debug_line</name>
         <load_address>0x237</load_address>
         <run_address>0x237</run_address>
         <size>0x40</size>
         <input_file_ref idref="fl-2"/>
      </object_component>
      <object_component id="oc-11a">
         <name>.debug_line</name>
         <load_address>0x277</load_address>
         <run_address>0x277</run_address>
         <size>0x6d</size>
         <input_file_ref idref="fl-2"/>
      </object_component>
      <object_component id="oc-95">
         <name>.debug_line</name>
         <load_address>0x2e4</load_address>
         <run_address>0x2e4</run_address>
         <size>0x6a</size>
         <input_file_ref idref="fl-2"/>
      </object_component>
      <object_component id="oc-90">
         <name>.debug_line</name>
         <load_address>0x34e</load_address>
         <run_address>0x34e</run_address>
         <size>0x41</size>
         <input_file_ref idref="fl-2"/>
      </object_component>
      <object_component id="oc-104">
         <name>.debug_line</name>
         <load_address>0x38f</load_address>
         <run_address>0x38f</run_address>
         <size>0x65</size>
         <input_file_ref idref="fl-2"/>
      </object_component>
      <object_component id="oc-10e">
         <name>.debug_line</name>
         <load_address>0x3f4</load_address>
         <run_address>0x3f4</run_address>
         <size>0x3c</size>
         <input_file_ref idref="fl-2"/>
      </object_component>
      <object_component id="oc-290">
         <name>.debug_line</name>
         <load_address>0x430</load_address>
         <run_address>0x430</run_address>
         <size>0x12a</size>
         <input_file_ref idref="fl-3"/>
      </object_component>
      <object_component id="oc-138">
         <name>.debug_line</name>
         <load_address>0x55a</load_address>
         <run_address>0x55a</run_address>
         <size>0xef</size>
         <input_file_ref idref="fl-3"/>
      </object_component>
      <object_component id="oc-217">
         <name>.debug_line</name>
         <load_address>0x649</load_address>
         <run_address>0x649</run_address>
         <size>0x55</size>
         <input_file_ref idref="fl-3"/>
      </object_component>
      <object_component id="oc-258">
         <name>.debug_line</name>
         <load_address>0x69e</load_address>
         <run_address>0x69e</run_address>
         <size>0x20</size>
         <input_file_ref idref="fl-3"/>
      </object_component>
      <object_component id="oc-2b3">
         <name>.debug_line</name>
         <load_address>0x6be</load_address>
         <run_address>0x6be</run_address>
         <size>0x99</size>
         <input_file_ref idref="fl-5"/>
      </object_component>
      <object_component id="oc-184">
         <name>.debug_line</name>
         <load_address>0x757</load_address>
         <run_address>0x757</run_address>
         <size>0x65</size>
         <input_file_ref idref="fl-5"/>
      </object_component>
      <object_component id="oc-18e">
         <name>.debug_line</name>
         <load_address>0x7bc</load_address>
         <run_address>0x7bc</run_address>
         <size>0x40</size>
         <input_file_ref idref="fl-5"/>
      </object_component>
      <object_component id="oc-2b7">
         <name>.debug_line</name>
         <load_address>0x7fc</load_address>
         <run_address>0x7fc</run_address>
         <size>0x44</size>
         <input_file_ref idref="fl-5"/>
      </object_component>
      <object_component id="oc-2bc">
         <name>.debug_line</name>
         <load_address>0x840</load_address>
         <run_address>0x840</run_address>
         <size>0x44</size>
         <input_file_ref idref="fl-5"/>
      </object_component>
      <object_component id="oc-17f">
         <name>.debug_line</name>
         <load_address>0x884</load_address>
         <run_address>0x884</run_address>
         <size>0x3e</size>
         <input_file_ref idref="fl-5"/>
      </object_component>
      <object_component id="oc-23f">
         <name>.debug_line</name>
         <load_address>0x8c2</load_address>
         <run_address>0x8c2</run_address>
         <size>0x3c</size>
         <input_file_ref idref="fl-6"/>
      </object_component>
      <object_component id="oc-23d">
         <name>.debug_line</name>
         <load_address>0x8fe</load_address>
         <run_address>0x8fe</run_address>
         <size>0x3e</size>
         <input_file_ref idref="fl-6"/>
      </object_component>
      <object_component id="oc-23b">
         <name>.debug_line</name>
         <load_address>0x93c</load_address>
         <run_address>0x93c</run_address>
         <size>0x3e</size>
         <input_file_ref idref="fl-6"/>
      </object_component>
      <object_component id="oc-df">
         <name>.debug_line</name>
         <load_address>0x97a</load_address>
         <run_address>0x97a</run_address>
         <size>0xc1</size>
         <input_file_ref idref="fl-6"/>
      </object_component>
      <object_component id="oc-241">
         <name>.debug_line</name>
         <load_address>0xa3b</load_address>
         <run_address>0xa3b</run_address>
         <size>0x20</size>
         <input_file_ref idref="fl-7"/>
      </object_component>
      <object_component id="oc-e5">
         <name>.debug_line</name>
         <load_address>0xa5b</load_address>
         <run_address>0xa5b</run_address>
         <size>0xf2</size>
         <input_file_ref idref="fl-7"/>
      </object_component>
      <object_component id="oc-100">
         <name>.debug_line</name>
         <load_address>0xb4d</load_address>
         <run_address>0xb4d</run_address>
         <size>0x58</size>
         <input_file_ref idref="fl-8"/>
      </object_component>
      <object_component id="oc-da">
         <name>.debug_line</name>
         <load_address>0xba5</load_address>
         <run_address>0xba5</run_address>
         <size>0x3c</size>
         <input_file_ref idref="fl-8"/>
      </object_component>
      <object_component id="oc-fe">
         <name>.debug_line</name>
         <load_address>0xbe1</load_address>
         <run_address>0xbe1</run_address>
         <size>0x3c</size>
         <input_file_ref idref="fl-8"/>
      </object_component>
      <object_component id="oc-33">
         <name>.debug_line</name>
         <load_address>0xc1d</load_address>
         <run_address>0xc1d</run_address>
         <size>0x16f</size>
         <input_file_ref idref="fl-8"/>
      </object_component>
      <object_component id="oc-2e">
         <name>.debug_line</name>
         <load_address>0xd8c</load_address>
         <run_address>0xd8c</run_address>
         <size>0xd1</size>
         <input_file_ref idref="fl-9"/>
      </object_component>
      <object_component id="oc-2bf">
         <name>.debug_line</name>
         <load_address>0xe5d</load_address>
         <run_address>0xe5d</run_address>
         <size>0xb6</size>
         <input_file_ref idref="fl-a"/>
      </object_component>
      <object_component id="oc-1b8">
         <name>.debug_line</name>
         <load_address>0xf13</load_address>
         <run_address>0xf13</run_address>
         <size>0x8dd</size>
         <input_file_ref idref="fl-a"/>
      </object_component>
      <object_component id="oc-2c3">
         <name>.debug_line</name>
         <load_address>0x17f0</load_address>
         <run_address>0x17f0</run_address>
         <size>0x3d</size>
         <input_file_ref idref="fl-a"/>
      </object_component>
      <object_component id="oc-249">
         <name>.debug_line</name>
         <load_address>0x182d</load_address>
         <run_address>0x182d</run_address>
         <size>0x3d</size>
         <input_file_ref idref="fl-a"/>
      </object_component>
      <object_component id="oc-126">
         <name>.debug_line</name>
         <load_address>0x186a</load_address>
         <run_address>0x186a</run_address>
         <size>0x65</size>
         <input_file_ref idref="fl-b"/>
      </object_component>
      <object_component id="oc-17b">
         <name>.debug_line</name>
         <load_address>0x18cf</load_address>
         <run_address>0x18cf</run_address>
         <size>0xc2</size>
         <input_file_ref idref="fl-c"/>
      </object_component>
      <object_component id="oc-d2">
         <name>.debug_line</name>
         <load_address>0x1991</load_address>
         <run_address>0x1991</run_address>
         <size>0x3d</size>
         <input_file_ref idref="fl-c"/>
      </object_component>
      <object_component id="oc-19b">
         <name>.debug_line</name>
         <load_address>0x19ce</load_address>
         <run_address>0x19ce</run_address>
         <size>0x3d</size>
         <input_file_ref idref="fl-c"/>
      </object_component>
      <object_component id="oc-1a5">
         <name>.debug_line</name>
         <load_address>0x1a0b</load_address>
         <run_address>0x1a0b</run_address>
         <size>0x3d</size>
         <input_file_ref idref="fl-c"/>
      </object_component>
      <object_component id="oc-1a7">
         <name>.debug_line</name>
         <load_address>0x1a48</load_address>
         <run_address>0x1a48</run_address>
         <size>0x3d</size>
         <input_file_ref idref="fl-c"/>
      </object_component>
      <object_component id="oc-19f">
         <name>.debug_line</name>
         <load_address>0x1a85</load_address>
         <run_address>0x1a85</run_address>
         <size>0x3d</size>
         <input_file_ref idref="fl-c"/>
      </object_component>
      <object_component id="oc-1a3">
         <name>.debug_line</name>
         <load_address>0x1ac2</load_address>
         <run_address>0x1ac2</run_address>
         <size>0x3d</size>
         <input_file_ref idref="fl-c"/>
      </object_component>
      <object_component id="oc-19d">
         <name>.debug_line</name>
         <load_address>0x1aff</load_address>
         <run_address>0x1aff</run_address>
         <size>0x3d</size>
         <input_file_ref idref="fl-c"/>
      </object_component>
      <object_component id="oc-1a1">
         <name>.debug_line</name>
         <load_address>0x1b3c</load_address>
         <run_address>0x1b3c</run_address>
         <size>0x3d</size>
         <input_file_ref idref="fl-c"/>
      </object_component>
      <object_component id="oc-80">
         <name>.debug_line</name>
         <load_address>0x1b79</load_address>
         <run_address>0x1b79</run_address>
         <size>0xe60</size>
         <input_file_ref idref="fl-c"/>
      </object_component>
      <object_component id="oc-d7">
         <name>.debug_line</name>
         <load_address>0x29d9</load_address>
         <run_address>0x29d9</run_address>
         <size>0x3c</size>
         <input_file_ref idref="fl-c"/>
      </object_component>
      <object_component id="oc-189">
         <name>.debug_line</name>
         <load_address>0x2a15</load_address>
         <run_address>0x2a15</run_address>
         <size>0x3d</size>
         <input_file_ref idref="fl-c"/>
      </object_component>
      <object_component id="oc-98">
         <name>.debug_line</name>
         <load_address>0x2a52</load_address>
         <run_address>0x2a52</run_address>
         <size>0x50</size>
         <input_file_ref idref="fl-e"/>
      </object_component>
      <object_component id="oc-36">
         <name>.debug_line</name>
         <load_address>0x2aa2</load_address>
         <run_address>0x2aa2</run_address>
         <size>0x50</size>
         <input_file_ref idref="fl-e"/>
      </object_component>
      <object_component id="oc-28">
         <name>.debug_line</name>
         <load_address>0x2af2</load_address>
         <run_address>0x2af2</run_address>
         <size>0xb0</size>
         <input_file_ref idref="fl-e"/>
      </object_component>
      <object_component id="oc-268">
         <name>.debug_line</name>
         <load_address>0x2ba2</load_address>
         <run_address>0x2ba2</run_address>
         <size>0x101</size>
         <input_file_ref idref="fl-f"/>
      </object_component>
      <object_component id="oc-131">
         <name>.debug_line</name>
         <load_address>0x2ca3</load_address>
         <run_address>0x2ca3</run_address>
         <size>0x77</size>
         <input_file_ref idref="fl-f"/>
      </object_component>
      <object_component id="oc-47">
         <name>.debug_line</name>
         <load_address>0x2d1a</load_address>
         <run_address>0x2d1a</run_address>
         <size>0x88</size>
         <input_file_ref idref="fl-ca"/>
      </object_component>
      <object_component id="oc-b7">
         <name>.debug_line</name>
         <load_address>0x2da2</load_address>
         <run_address>0x2da2</run_address>
         <size>0x79</size>
         <input_file_ref idref="fl-cb"/>
      </object_component>
      <object_component id="oc-129">
         <name>.debug_line</name>
         <load_address>0x2e1b</load_address>
         <run_address>0x2e1b</run_address>
         <size>0x9e</size>
         <input_file_ref idref="fl-cc"/>
      </object_component>
      <object_component id="oc-56">
         <name>.debug_line</name>
         <load_address>0x2eb9</load_address>
         <run_address>0x2eb9</run_address>
         <size>0x4f</size>
         <input_file_ref idref="fl-cc"/>
      </object_component>
      <object_component id="oc-b0">
         <name>.debug_line</name>
         <load_address>0x2f08</load_address>
         <run_address>0x2f08</run_address>
         <size>0x34</size>
         <input_file_ref idref="fl-cc"/>
      </object_component>
      <object_component id="oc-ab">
         <name>.debug_line</name>
         <load_address>0x2f3c</load_address>
         <run_address>0x2f3c</run_address>
         <size>0x20</size>
         <input_file_ref idref="fl-cd"/>
      </object_component>
      <object_component id="oc-19">
         <name>.debug_line</name>
         <load_address>0x2f5c</load_address>
         <run_address>0x2f5c</run_address>
         <size>0x55</size>
         <input_file_ref idref="fl-cd"/>
      </object_component>
      <object_component id="oc-4c">
         <name>.debug_line</name>
         <load_address>0x2fb1</load_address>
         <run_address>0x2fb1</run_address>
         <size>0x3a</size>
         <input_file_ref idref="fl-cd"/>
      </object_component>
      <object_component id="oc-a8">
         <name>.debug_line</name>
         <load_address>0x2feb</load_address>
         <run_address>0x2feb</run_address>
         <size>0x8a</size>
         <input_file_ref idref="fl-cd"/>
      </object_component>
      <object_component id="oc-122">
         <name>.debug_line</name>
         <load_address>0x3075</load_address>
         <run_address>0x3075</run_address>
         <size>0x20</size>
         <input_file_ref idref="fl-ce"/>
      </object_component>
      <object_component id="oc-16">
         <name>.debug_line</name>
         <load_address>0x3095</load_address>
         <run_address>0x3095</run_address>
         <size>0xa9</size>
         <input_file_ref idref="fl-ce"/>
      </object_component>
      <object_component id="oc-3c">
         <name>.debug_line</name>
         <load_address>0x313e</load_address>
         <run_address>0x313e</run_address>
         <size>0x3a</size>
         <input_file_ref idref="fl-ce"/>
      </object_component>
      <object_component id="oc-11f">
         <name>.debug_line</name>
         <load_address>0x3178</load_address>
         <run_address>0x3178</run_address>
         <size>0x92</size>
         <input_file_ref idref="fl-ce"/>
      </object_component>
      <object_component id="oc-a1">
         <name>.debug_line</name>
         <load_address>0x320a</load_address>
         <run_address>0x320a</run_address>
         <size>0x8e</size>
         <input_file_ref idref="fl-ce"/>
      </object_component>
      <object_component id="oc-74">
         <name>.debug_line</name>
         <load_address>0x3298</load_address>
         <run_address>0x3298</run_address>
         <size>0x33</size>
         <input_file_ref idref="fl-cf"/>
      </object_component>
      <object_component id="oc-65">
         <name>.debug_line</name>
         <load_address>0x32cb</load_address>
         <run_address>0x32cb</run_address>
         <size>0x56</size>
         <input_file_ref idref="fl-cf"/>
      </object_component>
      <object_component id="oc-13e">
         <name>.debug_line</name>
         <load_address>0x3321</load_address>
         <run_address>0x3321</run_address>
         <size>0x3c</size>
         <input_file_ref idref="fl-d0"/>
      </object_component>
      <object_component id="oc-2a0">
         <name>.debug_line</name>
         <load_address>0x335d</load_address>
         <run_address>0x335d</run_address>
         <size>0xb7</size>
         <input_file_ref idref="fl-d3"/>
      </object_component>
      <object_component id="oc-14a">
         <name>.debug_line</name>
         <load_address>0x3414</load_address>
         <run_address>0x3414</run_address>
         <size>0x6c</size>
         <input_file_ref idref="fl-d3"/>
      </object_component>
      <object_component id="oc-2a4">
         <name>.debug_line</name>
         <load_address>0x3480</load_address>
         <run_address>0x3480</run_address>
         <size>0x2e</size>
         <input_file_ref idref="fl-d3"/>
      </object_component>
      <object_component id="oc-2e0">
         <name>.debug_line</name>
         <load_address>0x34ae</load_address>
         <run_address>0x34ae</run_address>
         <size>0x92</size>
         <input_file_ref idref="fl-d3"/>
      </object_component>
      <object_component id="oc-2a9">
         <name>.debug_line</name>
         <load_address>0x3540</load_address>
         <run_address>0x3540</run_address>
         <size>0x8f</size>
         <input_file_ref idref="fl-d3"/>
      </object_component>
      <object_component id="oc-2ae">
         <name>.debug_line</name>
         <load_address>0x35cf</load_address>
         <run_address>0x35cf</run_address>
         <size>0x8b</size>
         <input_file_ref idref="fl-d3"/>
      </object_component>
      <object_component id="oc-bb">
         <name>.debug_line</name>
         <load_address>0x365a</load_address>
         <run_address>0x365a</run_address>
         <size>0x40</size>
         <input_file_ref idref="fl-d4"/>
      </object_component>
      <object_component id="oc-2d3">
         <name>.debug_line</name>
         <load_address>0x369a</load_address>
         <run_address>0x369a</run_address>
         <size>0x82</size>
         <input_file_ref idref="fl-d6"/>
      </object_component>
      <object_component id="oc-2d7">
         <name>.debug_line</name>
         <load_address>0x371c</load_address>
         <run_address>0x371c</run_address>
         <size>0x7c</size>
         <input_file_ref idref="fl-d6"/>
      </object_component>
      <object_component id="oc-207">
         <name>.debug_line</name>
         <load_address>0x3798</load_address>
         <run_address>0x3798</run_address>
         <size>0xb2</size>
         <input_file_ref idref="fl-d6"/>
      </object_component>
      <object_component id="oc-27d">
         <name>.debug_line</name>
         <load_address>0x384a</load_address>
         <run_address>0x384a</run_address>
         <size>0xa2</size>
         <input_file_ref idref="fl-d6"/>
      </object_component>
      <object_component id="oc-201">
         <name>.debug_line</name>
         <load_address>0x38ec</load_address>
         <run_address>0x38ec</run_address>
         <size>0x131</size>
         <input_file_ref idref="fl-d6"/>
      </object_component>
      <object_component id="oc-28a">
         <name>.debug_line</name>
         <load_address>0x3a1d</load_address>
         <run_address>0x3a1d</run_address>
         <size>0xa5</size>
         <input_file_ref idref="fl-d6"/>
      </object_component>
      <object_component id="oc-20d">
         <name>.debug_line</name>
         <load_address>0x3ac2</load_address>
         <run_address>0x3ac2</run_address>
         <size>0x10e</size>
         <input_file_ref idref="fl-d6"/>
      </object_component>
      <object_component id="oc-1e9">
         <name>.debug_line</name>
         <load_address>0x3bd0</load_address>
         <run_address>0x3bd0</run_address>
         <size>0xa9</size>
         <input_file_ref idref="fl-d6"/>
      </object_component>
      <object_component id="oc-1fa">
         <name>.debug_line</name>
         <load_address>0x3c79</load_address>
         <run_address>0x3c79</run_address>
         <size>0x91</size>
         <input_file_ref idref="fl-d6"/>
      </object_component>
      <object_component id="oc-1f4">
         <name>.debug_line</name>
         <load_address>0x3d0a</load_address>
         <run_address>0x3d0a</run_address>
         <size>0xd0</size>
         <input_file_ref idref="fl-d6"/>
      </object_component>
      <object_component id="oc-285">
         <name>.debug_line</name>
         <load_address>0x3dda</load_address>
         <run_address>0x3dda</run_address>
         <size>0x7c</size>
         <input_file_ref idref="fl-d6"/>
      </object_component>
      <object_component id="oc-24f">
         <name>.debug_line</name>
         <load_address>0x3e56</load_address>
         <run_address>0x3e56</run_address>
         <size>0x69</size>
         <input_file_ref idref="fl-d6"/>
      </object_component>
      <object_component id="oc-2c6">
         <name>.debug_line</name>
         <load_address>0x3ebf</load_address>
         <run_address>0x3ebf</run_address>
         <size>0x82</size>
         <input_file_ref idref="fl-d7"/>
      </object_component>
      <object_component id="oc-2d1">
         <name>.debug_line</name>
         <load_address>0x3f41</load_address>
         <run_address>0x3f41</run_address>
         <size>0x7d</size>
         <input_file_ref idref="fl-d7"/>
      </object_component>
      <object_component id="oc-1bc">
         <name>.debug_line</name>
         <load_address>0x3fbe</load_address>
         <run_address>0x3fbe</run_address>
         <size>0x92</size>
         <input_file_ref idref="fl-d7"/>
      </object_component>
      <object_component id="oc-262">
         <name>.debug_line</name>
         <load_address>0x4050</load_address>
         <run_address>0x4050</run_address>
         <size>0x95</size>
         <input_file_ref idref="fl-d7"/>
      </object_component>
      <object_component id="oc-25c">
         <name>.debug_line</name>
         <load_address>0x40e5</load_address>
         <run_address>0x40e5</run_address>
         <size>0xd1</size>
         <input_file_ref idref="fl-d7"/>
      </object_component>
      <object_component id="oc-1ce">
         <name>.debug_line</name>
         <load_address>0x41b6</load_address>
         <run_address>0x41b6</run_address>
         <size>0x99</size>
         <input_file_ref idref="fl-d7"/>
      </object_component>
      <object_component id="oc-1e3">
         <name>.debug_line</name>
         <load_address>0x424f</load_address>
         <run_address>0x424f</run_address>
         <size>0x93</size>
         <input_file_ref idref="fl-d7"/>
      </object_component>
      <object_component id="oc-1dd">
         <name>.debug_line</name>
         <load_address>0x42e2</load_address>
         <run_address>0x42e2</run_address>
         <size>0xa7</size>
         <input_file_ref idref="fl-d7"/>
      </object_component>
      <object_component id="oc-2c8">
         <name>.debug_line</name>
         <load_address>0x4389</load_address>
         <run_address>0x4389</run_address>
         <size>0x13d</size>
         <input_file_ref idref="fl-d9"/>
      </object_component>
      <object_component id="oc-2d5">
         <name>.debug_line</name>
         <load_address>0x44c6</load_address>
         <run_address>0x44c6</run_address>
         <size>0x7f</size>
         <input_file_ref idref="fl-d9"/>
      </object_component>
      <object_component id="oc-1cb">
         <name>.debug_line</name>
         <load_address>0x4545</load_address>
         <run_address>0x4545</run_address>
         <size>0x94</size>
         <input_file_ref idref="fl-d9"/>
      </object_component>
      <object_component id="oc-1c5">
         <name>.debug_line</name>
         <load_address>0x45d9</load_address>
         <run_address>0x45d9</run_address>
         <size>0x94</size>
         <input_file_ref idref="fl-d9"/>
      </object_component>
      <object_component id="oc-1d9">
[...]
         <object_component_ref idref="oc-1b4"/>
      </symbol>
      <symbol id="sm-238">
         <name>xQueueIsQueueEmptyFromISR</name>
         <value>0x2947</value>
         <object_component_ref idref="oc-1b4"/>
      </symbol>
      <symbol id="sm-239">
         <name>xQueueGenericSendFromISR</name>
         <value>0x20eb</value>
         <object_component_ref idref="oc-1b4"/>
      </symbol>
      <symbol id="sm-23a">
         <name>uxQueueMessagesWaiting</name>
         <value>0x26c9</value>
         <object_component_ref idref="oc-1b4"/>
      </symbol>
      <symbol id="sm-23b">
         <name>vQueueAddToRegistry</name>
         <value>0x29b3</value>
         <object_component_ref idref="oc-1b4"/>
      </symbol>
      <symbol id="sm-23c">
         <name>xQueueIsQueueFullFromISR</name>
         <value>0x298d</value>
         <object_component_ref idref="oc-1b4"/>
      </symbol>
      <symbol id="sm-23d">
         <name>xQueueGenericCreate</name>
         <value>0x1e29</value>
         <object_component_ref idref="oc-1b4"/>
      </symbol>
      <symbol id="sm-23e">
         <name>xQueueCreateMutex</name>
         <value>0x1ee7</value>
         <object_component_ref idref="oc-1b4"/>
      </symbol>
      <symbol id="sm-23f">
         <name>vQueueSetQueueNumber</name>
         <value>0x2739</value>
         <object_component_ref idref="oc-1b4"/>
      </symbol>
      <symbol id="sm-240">
         <name>xQueueGenericSend</name>
         <value>0x1fb7</value>
         <object_component_ref idref="oc-1b4"/>
      </symbol>
      <symbol id="sm-241">
         <name>xQueueGenericReset</name>
         <value>0x1d89</value>
         <object_component_ref idref="oc-1b4"/>
      </symbol>
      <symbol id="sm-242">
         <name>xQueueReceiveFromISR</name>
         <value>0x25d5</value>
         <object_component_ref idref="oc-1b4"/>
      </symbol>
      <symbol id="sm-243">
         <name>uxQueueSpacesAvailable</name>
         <value>0x26df</value>
         <object_component_ref idref="oc-1b4"/>
      </symbol>
      <symbol id="sm-244">
         <name>xQueueGiveMutexRecursive</name>
         <value>0x1f13</value>
         <object_component_ref idref="oc-1b4"/>
      </symbol>
      <symbol id="sm-245">
         <name>xQueueSemaphoreTake</name>
         <value>0x2349</value>
         <object_component_ref idref="oc-1b4"/>
      </symbol>
      <symbol id="sm-246">
         <name>vQueueUnregisterQueue</name>
         <value>0x2a35</value>
         <object_component_ref idref="oc-1b4"/>
      </symbol>
      <symbol id="sm-247">
         <name>xQueueGiveFromISR</name>
         <value>0x218b</value>
         <object_component_ref idref="oc-1b4"/>
      </symbol>
      <symbol id="sm-248">
         <name>uxQueueMessagesWaitingFromISR</name>
         <value>0x26ff</value>
         <object_component_ref idref="oc-1b4"/>
      </symbol>
      <symbol id="sm-249">
         <name>uxQueueGetQueueNumber</name>
         <value>0x272b</value>
         <object_component_ref idref="oc-1b4"/>
      </symbol>
      <symbol id="sm-24a">
         <name>xQueueTakeMutexRecursive</name>
         <value>0x1f4f</value>
         <object_component_ref idref="oc-1b4"/>
      </symbol>
      <symbol id="sm-24b">
         <name>xQueueCreateCountingSemaphore</name>
         <value>0x1f97</value>
         <object_component_ref idref="oc-1b4"/>
      </symbol>
      <symbol id="sm-24c">
         <name>vQueueDelete</name>
         <value>0x2715</value>
         <object_component_ref idref="oc-1b4"/>
      </symbol>
      <symbol id="sm-24d">
         <name>xQueuePeek</name>
         <value>0x24ab</value>
         <object_component_ref idref="oc-1b4"/>
      </symbol>
      <symbol id="sm-24e">
         <name>xQueueReceive</name>
         <value>0x2223</value>
         <object_component_ref idref="oc-1b4"/>
      </symbol>
      <symbol id="sm-24f">
         <name>pcQueueGetName</name>
         <value>0x29f5</value>
         <object_component_ref idref="oc-1b4"/>
      </symbol>
      <symbol id="sm-250">
         <name>ucQueueGetQueueType</name>
         <value>0x274b</value>
         <object_component_ref idref="oc-1b4"/>
      </symbol>
      <symbol id="sm-470">
         <name>vTaskDelay</name>
         <value>0x5c1</value>
         <object_component_ref idref="oc-7c"/>
      </symbol>
      <symbol id="sm-471">
         <name>vTaskSuspendAll</name>
         <value>0xabb</value>
         <object_component_ref idref="oc-7c"/>
      </symbol>
      <symbol id="sm-472">
         <name>vTaskPlaceOnEventList</name>
         <value>0x10a3</value>
         <object_component_ref idref="oc-7c"/>
      </symbol>
      <symbol id="sm-473">
         <name>vTaskSetTaskNumber</name>
         <value>0x1307</value>
         <object_component_ref idref="oc-7c"/>
      </symbol>
      <symbol id="sm-474">
         <name>uxTaskPriorityGetFromISR</name>
         <value>0x6e1</value>
         <object_component_ref idref="oc-7c"/>
      </symbol>
      <symbol id="sm-475">
         <name>ulTaskNotifyTake</name>
         <value>0x1899</value>
         <object_component_ref idref="oc-7c"/>
      </symbol>
      <symbol id="sm-476">
         <name>pcTaskGetName</name>
         <value>0xc0b</value>
         <object_component_ref idref="oc-7c"/>
      </symbol>
      <symbol id="sm-477">
         <name>xTaskCheckForTimeOut</name>
         <value>0x1239</value>
         <object_component_ref idref="oc-7c"/>
      </symbol>
      <symbol id="sm-478">
         <name>vTaskRemoveFromUnorderedEventList</name>
         <value>0x1189</value>
         <object_component_ref idref="oc-7c"/>
      </symbol>
      <symbol id="sm-479">
         <name>vTaskPrioritySet</name>
         <value>0x731</value>
         <object_component_ref idref="oc-7c"/>
      </symbol>
      <symbol id="sm-47a">
         <name>xTaskPriorityDisinherit</name>
         <value>0x170f</value>
         <object_component_ref idref="oc-7c"/>
      </symbol>
      <symbol id="sm-47b">
         <name>xTaskAbortDelay</name>
         <value>0xe7d</value>
         <object_component_ref idref="oc-7c"/>
      </symbol>
      <symbol id="sm-47c">
         <name>vTaskStartScheduler</name>
         <value>0xa55</value>
         <object_component_ref idref="oc-7c"/>
      </symbol>
      <symbol id="sm-47d">
         <name>vTaskInternalSetTimeOutState</name>
         <value>0x1219</value>
         <object_component_ref idref="oc-7c"/>
      </symbol>
      <symbol id="sm-47e">
         <name>xTaskNotifyStateClear</name>
         <value>0x1c81</value>
         <object_component_ref idref="oc-7c"/>
      </symbol>
      <symbol id="sm-47f">
         <name>pvTaskIncrementMutexHeldCount</name>
         <value>0x1879</value>
         <object_component_ref idref="oc-7c"/>
      </symbol>
      <symbol id="sm-480">
         <name>uxTaskGetStackHighWaterMark</name>
         <value>0x157d</value>
         <object_component_ref idref="oc-7c"/>
      </symbol>
      <symbol id="sm-481">
         <name>xTaskGenericNotify</name>
         <value>0x19cb</value>
         <object_component_ref idref="oc-7c"/>
      </symbol>
      <symbol id="sm-482">
         <name>vTaskPriorityDisinheritAfterTimeout</name>
         <value>0x1795</value>
         <object_component_ref idref="oc-7c"/>
      </symbol>
      <symbol id="sm-483">
         <name>xTaskCreate</name>
         <value>0x26d</value>
         <object_component_ref idref="oc-7c"/>
      </symbol>
      <symbol id="sm-484">
         <name>vTaskDelayUntil</name>
         <value>0x513</value>
         <object_component_ref idref="oc-7c"/>
      </symbol>
      <symbol id="sm-485">
         <name>uxTaskGetTaskNumber</name>
         <value>0x12e7</value>
         <object_component_ref idref="oc-7c"/>
      </symbol>
      <symbol id="sm-486">
         <name>vTaskEndScheduler</name>
         <value>0xa9f</value>
         <object_component_ref idref="oc-7c"/>
      </symbol>
      <symbol id="sm-487">
         <name>xTaskNotifyWait</name>
         <value>0x1921</value>
         <object_component_ref idref="oc-7c"/>
      </symbol>
      <symbol id="sm-488">
         <name>vTaskMissedYield</name>
         <value>0x12df</value>
         <object_component_ref idref="oc-7c"/>
      </symbol>
      <symbol id="sm-489">
         <name>uxTaskGetNumberOfTasks</name>
         <value>0xc05</value>
         <object_component_ref idref="oc-7c"/>
      </symbol>
      <symbol id="sm-48a">
         <name>xTaskGenericNotifyFromISR</name>
         <value>0x1abd</value>
         <object_component_ref idref="oc-7c"/>
      </symbol>
      <symbol id="sm-48b">
         <name>vTaskGetInfo</name>
         <value>0x13e9</value>
         <object_component_ref idref="oc-7c"/>
      </symbol>
      <symbol id="sm-48c">
         <name>uxTaskPriorityGet</name>
         <value>0x6b1</value>
         <object_component_ref idref="oc-7c"/>
      </symbol>
      <symbol id="sm-48d">
         <name>xTaskResumeAll</name>
         <value>0xad1</value>
         <object_component_ref idref="oc-7c"/>
      </symbol>
      <symbol id="sm-48e">
         <name>xTaskGetHandle</name>
         <value>0xd11</value>
         <object_component_ref idref="oc-7c"/>
      </symbol>
      <symbol id="sm-48f">
         <name>xTaskGetTickCount</name>
         <value>0xbb9</value>
         <object_component_ref idref="oc-7c"/>
      </symbol>
      <symbol id="sm-490">
         <name>uxTaskGetSystemState</name>
         <value>0xd9d</value>
         <object_component_ref idref="oc-7c"/>
      </symbol>
      <symbol id="sm-491">
         <name>vTaskDelete</name>
         <value>0x483</value>
         <object_component_ref idref="oc-7c"/>
      </symbol>
      <symbol id="sm-492">
         <name>pxCurrentTCB</name>
         <value>0x20005150</value>
         <object_component_ref idref="oc-76"/>
      </symbol>
      <symbol id="sm-493">
         <name>vTaskNotifyGiveFromISR</name>
         <value>0x1bcd</value>
         <object_component_ref idref="oc-7c"/>
      </symbol>
      <symbol id="sm-494">
         <name>eTaskGetState</name>
         <value>0x605</value>
         <object_component_ref idref="oc-7c"/>
      </symbol>
      <symbol id="sm-495">
         <name>vTaskSuspend</name>
         <value>0x845</value>
         <object_component_ref idref="oc-7c"/>
      </symbol>
      <symbol id="sm-496">
         <name>xTaskGetIdleTaskHandle</name>
         <value>0xe6f</value>
         <object_component_ref idref="oc-7c"/>
      </symbol>
      <symbol id="sm-497">
         <name>xTaskGetTickCountFromISR</name>
         <value>0xbd1</value>
         <object_component_ref idref="oc-7c"/>
      </symbol>
      <symbol id="sm-498">
         <name>vTaskResume</name>
         <value>0x939</value>
         <object_component_ref idref="oc-7c"/>
      </symbol>
      <symbol id="sm-499">
         <name>vTaskSetTimeOutState</name>
         <value>0x11f1</value>
         <object_component_ref idref="oc-7c"/>
      </symbol>
      <symbol id="sm-49a">
         <name>xTaskIncrementTick</name>
         <value>0xf09</value>
         <object_component_ref idref="oc-7c"/>
      </symbol>
      <symbol id="sm-49b">
         <name>vTaskSwitchContext</name>
         <value>0x101d</value>
         <object_component_ref idref="oc-7c"/>
      </symbol>
      <symbol id="sm-49c">
         <name>uxTaskResetEventItemValue</name>
         <value>0x184d</value>
         <object_component_ref idref="oc-7c"/>
      </symbol>
      <symbol id="sm-49d">
         <name>xTaskGetSchedulerState</name>
         <value>0x1621</value>
         <object_component_ref idref="oc-7c"/>
      </symbol>
      <symbol id="sm-49e">
         <name>xTaskResumeFromISR</name>
         <value>0x9b7</value>
         <object_component_ref idref="oc-7c"/>
      </symbol>
      <symbol id="sm-49f">
         <name>xTaskGetCurrentTaskHandle</name>
         <value>0x15f5</value>
         <object_component_ref idref="oc-7c"/>
      </symbol>
      <symbol id="sm-4a0">
         <name>vTaskPlaceOnUnorderedEventList</name>
         <value>0x10c3</value>
         <object_component_ref idref="oc-7c"/>
      </symbol>
      <symbol id="sm-4a1">
         <name>xTaskRemoveFromEventList</name>
         <value>0x10f9</value>
         <object_component_ref idref="oc-7c"/>
      </symbol>
      <symbol id="sm-4a2">
         <name>xTaskPriorityInherit</name>
         <value>0x1651</value>
         <object_component_ref idref="oc-7c"/>
      </symbol>
      <symbol id="sm-4bf">
         <name>ResetISR</name>
         <value>0x3bf5</value>
         <object_component_ref idref="oc-24"/>
      </symbol>
      <symbol id="sm-4c0">
         <name>g_pfnVectors</name>
         <value>0x0</value>
         <object_component_ref idref="oc-f"/>
      </symbol>
      <symbol id="sm-4d6">
         <name>init_GPIO</name>
         <value>0x3883</value>
         <object_component_ref idref="oc-12d"/>
      </symbol>
      <symbol id="sm-4d7">
         <name>toggle_LED_one</name>
         <value>0x3845</value>
         <object_component_ref idref="oc-12d"/>
      </symbol>
      <symbol id="sm-4f2">
         <name>memcpy</name>
         <value>0x372d</value>
         <object_component_ref idref="oc-43"/>
      </symbol>
      <symbol id="sm-4f3">
         <name>__aeabi_memcpy</name>
         <value>0x372d</value>
         <object_component_ref idref="oc-43"/>
      </symbol>
      <symbol id="sm-4f4">
         <name>__aeabi_memcpy8</name>
         <value>0x372d</value>
         <object_component_ref idref="oc-43"/>
      </symbol>
      <symbol id="sm-4f5">
         <name>__aeabi_memcpy4</name>
         <value>0x372d</value>
         <object_component_ref idref="oc-43"/>
      </symbol>
      <symbol id="sm-504">
         <name>__aeabi_memset</name>
         <value>0x37cb</value>
         <object_component_ref idref="oc-b3"/>
      </symbol>
      <symbol id="sm-505">
         <name>memset</name>
         <value>0x37d1</value>
         <object_component_ref idref="oc-b3"/>
      </symbol>
      <symbol id="sm-506">
         <name>__aeabi_memset8</name>
         <value>0x37cb</value>
         <object_component_ref idref="oc-b3"/>
      </symbol>
      <symbol id="sm-507">
         <name>__aeabi_memset4</name>
         <value>0x37cb</value>
         <object_component_ref idref="oc-b3"/>
      </symbol>
      <symbol id="sm-508">
         <name>__aeabi_memclr8</name>
         <value>0x37c9</value>
         <object_component_ref idref="oc-b3"/>
      </symbol>
      <symbol id="sm-509">
         <name>__aeabi_memclr4</name>
         <value>0x37c9</value>
         <object_component_ref idref="oc-b3"/>
      </symbol>
      <symbol id="sm-50a">
         <name>__aeabi_memclr</name>
         <value>0x37c9</value>
         <object_component_ref idref="oc-b3"/>
      </symbol>
      <symbol id="sm-51c">
         <name>__TI_zero_init</name>
         <value>0x3be9</value>
         <object_component_ref idref="oc-55"/>
      </symbol>
      <symbol id="sm-533">
         <name>__TI_decompress_none</name>
         <value>0x3bdb</value>
         <object_component_ref idref="oc-18"/>
      </symbol>
      <symbol id="sm-556">
         <name>__TI_decompress_lzss</name>
         <value>0x3925</value>
         <object_component_ref idref="oc-12"/>
      </symbol>
      <symbol id="sm-569">
         <name>__stack</name>
         <value>0x20004f50</value>
         <object_component_ref idref="oc-21"/>
      </symbol>
      <symbol id="sm-56a">
         <name>_c_int00_noargs</name>
         <value>0x3acd</value>
         <object_component_ref idref="oc-61"/>
      </symbol>
      <symbol id="sm-575">
         <name>C$$EXIT</name>
         <value>0x3c1b</value>
         <object_component_ref idref="oc-13c"/>
      </symbol>
      <symbol id="sm-576">
         <name>abort</name>
         <value>0x3c1b</value>
         <object_component_ref idref="oc-13c"/>
      </symbol>
      <symbol id="sm-5a0">
         <name>__TI_auto_init_nobinit_nopinit</name>
         <value>0x39d5</value>
         <object_component_ref idref="oc-148"/>
      </symbol>
      <symbol id="sm-5aa">
         <name>_system_pre_init</name>
         <value>0x3c17</value>
         <object_component_ref idref="oc-b9"/>
      </symbol>
      <symbol id="sm-635">
         <name>CANMessageGet</name>
         <value>0x32bd</value>
         <object_component_ref idref="oc-20b"/>
      </symbol>
      <symbol id="sm-636">
         <name>CANBitRateSet</name>
         <value>0x38b9</value>
         <object_component_ref idref="oc-1f3"/>
      </symbol>
      <symbol id="sm-637">
         <name>CANEnable</name>
         <value>0x3c01</value>
         <object_component_ref idref="oc-1f9"/>
      </symbol>
      <symbol id="sm-638">
         <name>CANStatusGet</name>
         <value>0x3a19</value>
         <object_component_ref idref="oc-205"/>
      </symbol>
      <symbol id="sm-639">
         <name>CANMessageSet</name>
         <value>0x2e11</value>
         <object_component_ref idref="oc-1ff"/>
      </symbol>
      <symbol id="sm-63a">
         <name>CANInit</name>
         <value>0x3a59</value>
         <object_component_ref idref="oc-1e7"/>
      </symbol>
      <symbol id="sm-67c">
         <name>GPIOPinConfigure</name>
         <value>0x398d</value>
         <object_component_ref idref="oc-1db"/>
      </symbol>
      <symbol id="sm-67d">
         <name>GPIOPinTypeGPIOOutput</name>
         <value>0x3bb1</value>
         <object_component_ref idref="oc-1cc"/>
      </symbol>
      <symbol id="sm-67e">
         <name>GPIODirModeSet</name>
         <value>0x3b39</value>
         <object_component_ref idref="oc-260"/>
      </symbol>
      <symbol id="sm-67f">
         <name>GPIOPinWrite</name>
         <value>0x3c0b</value>
         <object_component_ref idref="oc-1ba"/>
      </symbol>
      <symbol id="sm-680">
         <name>GPIOPadConfigSet</name>
         <value>0x2f47</value>
         <object_component_ref idref="oc-25a"/>
      </symbol>
      <symbol id="sm-681">
         <name>GPIOPinTypeCAN</name>
         <value>0x3bc9</value>
         <object_component_ref idref="oc-1e1"/>
      </symbol>
      <symbol id="sm-6df">
         <name>SysCtlClockSet</name>
         <value>0x33cd</value>
         <object_component_ref idref="oc-1d5"/>
      </symbol>
      <symbol id="sm-6e0">
         <name>SysCtlDelay</name>
         <value>0x3c11</value>
         <object_component_ref idref="oc-269"/>
      </symbol>
      <symbol id="sm-6e1">
         <name>SysCtlPeripheralEnable</name>
         <value>0x3b05</value>
         <object_component_ref idref="oc-1c0"/>
      </symbol>
      <symbol id="sm-6e2">
         <name>SysCtlClockGet</name>
         <value>0x31ad</value>
         <object_component_ref idref="oc-1ed"/>
      </symbol>
      <symbol id="sm-6e3">
         <name>SysCtlPeripheralReady</name>
         <value>0x3a95</value>
         <object_component_ref idref="oc-1c6"/>
      </symbol>
      <symbol id="sm-6e5">
         <name>__TI_static_base__</name>
         <value>0x0</value>
      </symbol>
      <symbol id="sm-6e8">
         <name>__mpu_init</name>
         <value>0x0</value>
      </symbol>
      <symbol id="sm-6e9">
         <name>_system_post_cinit</name>
         <value>0x0</value>
      </symbol>
   </symbol_table>
   <title>Link successful</title>
</link_info>
